per-step halt probability p_step(n) = P(F(x) in 2^N) for random x of n bits
(20000 samples per cell; '0' = no hits)

machine          n=10   n=14   n=18   n=22   n=26 
(1, 1, 1, 1, 2)  0        0        0        0        0      
(1, 1, 2, 1, 1)  0        0        0        0        0      
(1, 1, 3, 0, 0)  0        0        0        0        0      
(1, 2, 2, 2, 0)  0        0        0        0        0      
(1, 3, 1, 1, 0)  0.00080  0.00010  0        0        0      

scaling: the image of [2^n, 2^{n+1}) has width ~ alpha*2^n and contains
~1 power of two, so p_step(n) ~ 2^-n (the measured cells above match: at
n=10, ~20000*2^-10*const hits; by n=22-26 zero hits in 20000).

expected remaining halt opportunities from the RUN_CAP=3000 frontier:
  (1, 1, 1, 1, 2) drift 0.402  frontier ~1205 bits  E[remaining halts] ~ 10^-362
  (1, 1, 2, 1, 1) drift 0.402  frontier ~1205 bits  E[remaining halts] ~ 10^-362
  (1, 1, 3, 0, 0) drift 0.402  frontier ~1205 bits  E[remaining halts] ~ 10^-362
  (1, 2, 2, 2, 0) drift 0.701  frontier ~2102 bits  E[remaining halts] ~ 10^-632
  (1, 3, 1, 1, 0) drift 0.941  frontier ~2823 bits  E[remaining halts] ~ 10^-850

=> the cheapest census 'exhibit a halt' would need ~10^{+hundreds} restarts;
   no census member is a candidate.  (For contrast, machine 4's per-VISIT
   probability is ~0.1 and does not decay.)
