==========================================================================
THE SHEEP MACHINE   1RB1LA_0LC0RC_1LE1RD_1RE1RC_1LF0LA_---1LE
  discovered by sheep, 7 April 2026; start A(5)
==========================================================================

S1  generic branch == census member (1, 1, 1, 1, 0): 15,920 systematic + 200,000 random (v < 200, k < 10^30) -- 0 mismatches
      A_v = 2^(v+1) + 1, B_v = 2^v + v; the Space Needle is (1,3,1,1,0) -- beta 3 vs 1 is the only difference
      f differs from the census member on exactly the 15 values n < 60000 with oddPart(n) = 3, and nowhere else

S2  census member from x = 3: 4 = 2^2 -> HALT   (the census records it HALT)
      sheep machine from n = 3: 6  -- the exceptional branch intercepts exactly this value

S3  last-step sieve  2^(t+1) = 2v - 1 (mod 2^(v+1)+1):
      surviving branches with v < 260: [0, 1]
      proof steps re-checked for 2 <= v < 4000: 2^(v+1) - 2v + 2 is never a power of two, and 2v - 1 never is -- 0 violations
      brute force (wiki even_case_no_pow2), v = 2..13, m = 5..19999: 0 counterexamples []

S4  oddPart-3 branch: 3*2^a + a + 3 a power of two for a < 6000? []

S5  halting set below 300000
      brute force, f(n) a power of two: [11, 43, 102, 171, 683, 1638, 2731, 10923, 26214, 43691, 174763]
      H_0 = [11, 43, 171, 683, 2731] ...
      H_1 = [102, 1638, 26214, 419430] ...
      closed form matches brute force exactly (11 members)
      immediate halts below 20000 = the powers of two: [2, 4, 8, 16, 32, 64, 128, 256, 512, 1024, 2048, 4096, 8192, 16384]

S6  congruence certificates
      M =   2: |closure of 5| =   2 of   2   (= Z_M)
      M =   3: |closure of 5| =   3 of   3   (= Z_M)
      M =   4: |closure of 5| =   4 of   4   (= Z_M)
      M =   5: |closure of 5| =   5 of   5   (= Z_M)
      M =   6: |closure of 5| =   6 of   6   (= Z_M)
      M =   7: |closure of 5| =   7 of   7   (= Z_M)
      M =   8: |closure of 5| =   8 of   8   (= Z_M)
      M =   9: |closure of 5| =   9 of   9   (= Z_M)
      M =  10: |closure of 5| =  10 of  10   (= Z_M)
      M =  11: |closure of 5| =  11 of  11   (= Z_M)
      M =  12: |closure of 5| =  12 of  12   (= Z_M)
      M =  13: |closure of 5| =  13 of  13   (= Z_M)
      M =  14: |closure of 5| =  14 of  14   (= Z_M)
      M =  15: |closure of 5| =  15 of  15   (= Z_M)
      M =  16: |closure of 5| =  16 of  16   (= Z_M)
      M =  17: |closure of 5| =  17 of  17   (= Z_M)
      M =  18: |closure of 5| =  18 of  18   (= Z_M)
      M =  19: |closure of 5| =  19 of  19   (= Z_M)
      M =  20: |closure of 5| =  20 of  20   (= Z_M)
      M =  21: |closure of 5| =  21 of  21   (= Z_M)
      M =  22: |closure of 5| =  22 of  22   (= Z_M)
      M =  23: |closure of 5| =  23 of  23   (= Z_M)
      M =  24: |closure of 5| =  24 of  24   (= Z_M)
      separating moduli 2 <= M <= 200: []
      consistent with T15 (beta = 1 odd, delta = 1): no modulus separates the sheep machine

ORBIT from 5
      first iterates: [5, 7, 10, 13, 19, 28, 33, 49, 73, 109, 163, 244]
      30000 steps, no halt; n has 12045 bits, max v_2 seen = 16, oddPart = 3 hit 0 times
      drift = 0.401524 bits/step (member (1, 1, 1, 1, 0)); observed 0.401400
      steps taken from a SURVIVING branch (v in {0,1}): 22583 of 30000 = 0.7528  (predicted 3/4)

HEURISTIC (not a proof)
      |H cap [x,2x]| ~ 1.75 (1 power of two + 1/2 from H_0 + 1/4 from H_1)
      expected future hits from the current value (2^12045) = 7.2034 * sum_j 2^-(b + 0.4015 j)
      = 10^(-3625.0)
      geometrically convergent, as for Collatz; and as for Collatz the gap is single-orbit vs almost-everywhere

[   2.0s] all checks passed
