note: Running TeX ...
note: downloading lmmono10-regular.otf
note: Rerunning TeX because "main.out" changed ...
note: Running xdvipdfmx ...
note: downloading pdftex.map
note: downloading kanjix.map
note: downloading ckx.map
note: downloading texglyphlist.txt
note: downloading pdfglyphlist.txt
note: downloading glyphlist.txt
note: downloading cmmi10.pfb
note: downloading cmr10.pfb
note: downloading cmmi7.pfb
note: downloading cmr7.pfb
note: downloading cmsy10.pfb
note: downloading cmsy7.pfb
note: downloading msbm10.pfb
note: downloading cmr8.pfb
note: downloading cmmi8.pfb
note: downloading cmsy8.pfb
note: downloading cmex10.pfb
note: downloading cmmi9.pfb
note: downloading cmr9.pfb
note: downloading cmmi6.pfb
note: downloading cmr6.pfb
note: downloading cmsy9.pfb
note: downloading cmsy6.pfb
note: downloading cmmi12.pfb
note: downloading cmr5.pfb
note: Writing `main.pdf` (166.0615234375 KiB)
note: Skipped writing 2 intermediate files (use --keep-intermediates to keep them)
