=== deeper runs, macro budget 40000000 ===
line 106    b=2  inner x -> 2*x + 3   [85s, budget 40000000]
    outer steps: 7   verdict CRYPTID-SHAPED
    R_n: [28, 57, 125, 255, 505, 1051, 8608]
    k_n: [3, 4, 5, 6, 7, 8, 10]  deltas [1, 1, 1, 1, 1, 2]  period None
    growth per outer step: 2.5979
    closed form R' = aR + b*x_k + c : no (multiple branches)
line 336    b=2  inner x -> 2*x + 4   [114s, budget 40000000]
    outer steps: 11   verdict CRYPTID-SHAPED
    R_n: [49, 160, 300, 1243, 4954, 19177, 70408, 224311, 380662, 804790, 2000514]
    k_n: [3, 5, 5, 7, 9, 11, 13, 15, 16, 17, 18]  deltas [2, 0, 2, 2, 2, 2, 2, 1, 1, 1]  period None
    growth per outer step: 2.8913
    closed form R' = aR + b*x_k + c : no (multiple branches)
line 555    b=2  inner x -> 2*x + 5   [135s, budget 40000000]
    outer steps: 13   verdict CRYPTID-SHAPED
    R_n: [31, 75, 163, 327, 535, 1770, 3309, 9489, 34404, 105063, 290455, 975958, 2230309]
    k_n: [3, 4, 5, 6, 6, 8, 9, 10, 12, 14, 15, 17, 18]  deltas [1, 1, 1, 0, 2, 1, 1, 2, 2, 1, 2, 1]  period None
    growth per outer step: 2.5395
    closed form R' = aR + b*x_k + c : no (multiple branches)
line 990    b=2  inner x -> 2*x + 2   [109s, budget 40000000]
    outer steps: 8   verdict CRYPTID-SHAPED
    R_n: [12, 52, 219, 1182, 3268, 8769, 96942, 2546913]
    k_n: [3, 4, 6, 9, 10, 12, 15, 17]  deltas [1, 2, 3, 1, 2, 3, 2]  period None
    growth per outer step: 5.7673
    closed form R' = aR + b*x_k + c : no (multiple branches)
line 1002   b=2  inner x -> 2*x + 4   [124s, budget 40000000]
    outer steps: 11   verdict CRYPTID-SHAPED
    R_n: [58, 241, 712, 1452, 3004, 6744, 19936, 77239, 285790, 933973, 1852444]
    k_n: [3, 5, 7, 8, 9, 10, 11, 13, 15, 17, 18]  deltas [2, 2, 1, 1, 1, 1, 2, 2, 2, 1]  period None
    growth per outer step: 2.8212
    closed form R' = aR + b*x_k + c : no (multiple branches)
