=== deeper runs, macro budget 8000000 ===
line 106    b=2  inner x -> 2*x + 3   [20s, budget 8000000]
    outer steps: 7   verdict PREDICTABLE-BRANCHES
    R_n: [28, 57, 125, 255, 505, 1051, 8608]
    k_n: [3, 4, 5, 6, 7, 8, 9]
    growth per outer step: 2.5979
    closed form R' = aR + b*x_k + c : no (multiple branches)
line 336    b=2  inner x -> 2*x + 4   [25s, budget 8000000]
    outer steps: 9   verdict CRYPTID-SHAPED
    R_n: [49, 160, 300, 1243, 4954, 19177, 70408, 224311, 380662]
    k_n: [3, 5, 5, 7, 9, 11, 13, 15, 16]
    growth per outer step: 3.0640
    closed form R' = aR + b*x_k + c : no (multiple branches)
line 555    b=2  inner x -> 2*x + 5   [25s, budget 8000000]
    outer steps: 11   verdict CRYPTID-SHAPED
    R_n: [31, 75, 163, 327, 535, 1770, 3309, 9489, 34404, 105063, 290455]
    k_n: [3, 4, 5, 6, 6, 8, 9, 10, 12, 14, 15]
    growth per outer step: 2.4956
    closed form R' = aR + b*x_k + c : no (multiple branches)
line 990    b=2  inner x -> 2*x + 2   [26s, budget 8000000]
    outer steps: 7   verdict CRYPTID-SHAPED
    R_n: [12, 52, 219, 1182, 3268, 8769, 96942]
    k_n: [3, 4, 6, 9, 10, 12, 15]
    growth per outer step: 4.4794
    closed form R' = aR + b*x_k + c : no (multiple branches)
line 1002   b=2  inner x -> 2*x + 4   [27s, budget 8000000]
    outer steps: 9   verdict CRYPTID-SHAPED
    R_n: [58, 241, 712, 1452, 3004, 6744, 19936, 77239, 285790]
    k_n: [3, 5, 7, 8, 9, 10, 11, 13, 15]
    growth per outer step: 2.8945
    closed form R' = aR + b*x_k + c : no (multiple branches)
