line 106   shape ((2, 3), 1, 1, (1,))
    turn: counters += (1, 0, -1)   cost of first turn 4
    branch k = min over shrinking coords [2] : 34/34 runs
    first run starts: [((1, 125, 4), 4), ((1, 118, 12), 12), ((1, 103, 28), 28), ((1, 72, 60), 60)]
line 168   shape ((3, 1), 1, 1, (3,))
    turn: counters += (2, -1, -1)   cost of first turn 10
    branch k = min over shrinking coords [1, 2] : 566/566 runs
    first run starts: [((1, 15, 41), 15), ((1, 33, 24), 24), ((1, 7, 58), 7), ((1, 17, 49), 17)]
line 336   shape ((2,), 0, 0, (1, 3, 1))
    turn: counters += (2, 0, -1, 0)   cost of first turn 582
    branch k = min over shrinking coords [2] : 6/6 runs
    first run starts: [((144, 1, 26, 1), 26), ((4, 1, 306, 1), 306), ((19, 1, 1236, 1), 1236), ((146, 1, 4822, 1), 4822)]
line 555   shape ((2, 3, 2), 1, 1, (1,))
    turn: counters += (0, -1, 0, 2)   cost of first turn 198
    branch k = min over shrinking coords [1] : 8/9 runs
    first run starts: [((1, 58, 1, 48), 58), ((1, 114, 1, 100), 114), ((1, 146, 1, 244), 146), ((1, 756, 1, 259), 756)]
line 990   shape ((0, 2), 3, 1, (3,))
    turn: counters += (0, -1, 1)   cost of first turn 4
    branch k = min over shrinking coords [1] : 5/5 runs
    first run starts: [((1, 218, 1), 218), ((1, 1181, 1), 1181), ((1, 3267, 1), 3267), ((1, 8768, 1), 8768)]
line 1002  shape ((2,), 1, 0, (1, 3, 1))
    turn: counters += (2, 0, -1, 0)   cost of first turn 258
    branch k = min over shrinking coords [2] : 7/7 runs
    first run starts: [((63, 1, 188, 1), 188), ((550, 1, 174, 1), 174), ((1089, 1, 376, 1), 376), ((2096, 1, 922, 1), 922)
